No existing algorithm found. Analyzing initial pair...
Traceback (most recent call last):
  File "/Users/krishchoudhary/Downloads/excel-op/venv/lib/python3.11/site-packages/langchain_google_genai/chat_models.py", line 3047, in _generate
    response: GenerateContentResponse = self.client.models.generate_content(
                                        ^^^^^^^^^^^^^^^^^^^^^^^^^^^^^^^^^^^^
  File "/Users/krishchoudhary/Downloads/excel-op/venv/lib/python3.11/site-packages/google/genai/models.py", line 5709, in generate_content
    response = self._generate_content(
               ^^^^^^^^^^^^^^^^^^^^^^^
  File "/Users/krishchoudhary/Downloads/excel-op/venv/lib/python3.11/site-packages/google/genai/models.py", line 4371, in _generate_content
    response = self._api_client.request(
               ^^^^^^^^^^^^^^^^^^^^^^^^^
  File "/Users/krishchoudhary/Downloads/excel-op/venv/lib/python3.11/site-packages/google/genai/_api_client.py", line 1401, in request
    response = self._request(http_request, http_options, stream=False)
               ^^^^^^^^^^^^^^^^^^^^^^^^^^^^^^^^^^^^^^^^^^^^^^^^^^^^^^^
  File "/Users/krishchoudhary/Downloads/excel-op/venv/lib/python3.11/site-packages/google/genai/_api_client.py", line 1235, in _request
    return retry(self._request_once, http_request, stream)  # type: ignore[no-any-return]
           ^^^^^^^^^^^^^^^^^^^^^^^^^^^^^^^^^^^^^^^^^^^^^^^
  File "/Users/krishchoudhary/Downloads/excel-op/venv/lib/python3.11/site-packages/tenacity/__init__.py", line 470, in __call__
    do = self.iter(retry_state=retry_state)
         ^^^^^^^^^^^^^^^^^^^^^^^^^^^^^^^^^^
  File "/Users/krishchoudhary/Downloads/excel-op/venv/lib/python3.11/site-packages/tenacity/__init__.py", line 371, in iter
    result = action(retry_state)
             ^^^^^^^^^^^^^^^^^^^
  File "/Users/krishchoudhary/Downloads/excel-op/venv/lib/python3.11/site-packages/tenacity/__init__.py", line 413, in exc_check
    raise retry_exc.reraise()
          ^^^^^^^^^^^^^^^^^^^
  File "/Users/krishchoudhary/Downloads/excel-op/venv/lib/python3.11/site-packages/tenacity/__init__.py", line 184, in reraise
    raise self.last_attempt.result()
          ^^^^^^^^^^^^^^^^^^^^^^^^^^
  File "/Library/Frameworks/Python.framework/Versions/3.11/lib/python3.11/concurrent/futures/_base.py", line 449, in result
    return self.__get_result()
           ^^^^^^^^^^^^^^^^^^^
  File "/Library/Frameworks/Python.framework/Versions/3.11/lib/python3.11/concurrent/futures/_base.py", line 401, in __get_result
    raise self._exception
  File "/Users/krishchoudhary/Downloads/excel-op/venv/lib/python3.11/site-packages/tenacity/__init__.py", line 473, in __call__
    result = fn(*args, **kwargs)
             ^^^^^^^^^^^^^^^^^^^
  File "/Users/krishchoudhary/Downloads/excel-op/venv/lib/python3.11/site-packages/google/genai/_api_client.py", line 1214, in _request_once
    errors.APIError.raise_for_response(response)
  File "/Users/krishchoudhary/Downloads/excel-op/venv/lib/python3.11/site-packages/google/genai/errors.py", line 134, in raise_for_response
    cls.raise_error(response.status_code, response_json, response)
  File "/Users/krishchoudhary/Downloads/excel-op/venv/lib/python3.11/site-packages/google/genai/errors.py", line 159, in raise_error
    raise ClientError(status_code, response_json, response)
google.genai.errors.ClientError: 429 RESOURCE_EXHAUSTED. {'error': {'code': 429, 'message': 'You exceeded your current quota, please check your plan and billing details. For more information on this error, head to: https://ai.google.dev/gemini-api/docs/rate-limits. To monitor your current usage, head to: https://ai.dev/rate-limit. \n* Quota exceeded for metric: generativelanguage.googleapis.com/generate_content_free_tier_input_token_count, limit: 0, model: gemini-2.5-pro\n* Quota exceeded for metric: generativelanguage.googleapis.com/generate_content_free_tier_requests, limit: 0, model: gemini-2.5-pro\n* Quota exceeded for metric: generativelanguage.googleapis.com/generate_content_free_tier_requests, limit: 0, model: gemini-2.5-pro\n* Quota exceeded for metric: generativelanguage.googleapis.com/generate_content_free_tier_input_token_count, limit: 0, model: gemini-2.5-pro\nPlease retry in 10.396060199s.', 'status': 'RESOURCE_EXHAUSTED', 'details': [{'@type': 'type.googleapis.com/google.rpc.Help', 'links': [{'description': 'Learn more about Gemini API quotas', 'url': 'https://ai.google.dev/gemini-api/docs/rate-limits'}]}, {'@type': 'type.googleapis.com/google.rpc.QuotaFailure', 'violations': [{'quotaMetric': 'generativelanguage.googleapis.com/generate_content_free_tier_input_token_count', 'quotaId': 'GenerateContentInputTokensPerModelPerDay-FreeTier', 'quotaDimensions': {'location': 'global', 'model': 'gemini-2.5-pro'}}, {'quotaMetric': 'generativelanguage.googleapis.com/generate_content_free_tier_requests', 'quotaId': 'GenerateRequestsPerDayPerProjectPerModel-FreeTier', 'quotaDimensions': {'location': 'global', 'model': 'gemini-2.5-pro'}}, {'quotaMetric': 'generativelanguage.googleapis.com/generate_content_free_tier_requests', 'quotaId': 'GenerateRequestsPerMinutePerProjectPerModel-FreeTier', 'quotaDimensions': {'location': 'global', 'model': 'gemini-2.5-pro'}}, {'quotaMetric': 'generativelanguage.googleapis.com/generate_content_free_tier_input_token_count', 'quotaId': 'GenerateContentInputTokensPerModelPerMinute-FreeTier', 'quotaDimensions': {'location': 'global', 'model': 'gemini-2.5-pro'}}]}, {'@type': 'type.googleapis.com/google.rpc.RetryInfo', 'retryDelay': '10s'}]}}

The above exception was the direct cause of the following exception:

Traceback (most recent call last):
  File "/Users/krishchoudhary/Downloads/excel-op/main.py", line 132, in <module>
    main()
  File "/Users/krishchoudhary/Downloads/excel-op/main.py", line 119, in main
    process_initial_pair(input_df, expected_df, registry, args.provider)
  File "/Users/krishchoudhary/Downloads/excel-op/main.py", line 17, in process_initial_pair
    rules = analyzer.analyze(input_df, expected_df)
            ^^^^^^^^^^^^^^^^^^^^^^^^^^^^^^^^^^^^^^^
  File "/Users/krishchoudhary/Downloads/excel-op/agents.py", line 61, in analyze
    response = chain.invoke({
               ^^^^^^^^^^^^^^
  File "/Users/krishchoudhary/Downloads/excel-op/venv/lib/python3.11/site-packages/langchain_core/runnables/base.py", line 3157, in invoke
    input_ = context.run(step.invoke, input_, config)
             ^^^^^^^^^^^^^^^^^^^^^^^^^^^^^^^^^^^^^^^^
  File "/Users/krishchoudhary/Downloads/excel-op/venv/lib/python3.11/site-packages/langchain_google_genai/chat_models.py", line 2535, in invoke
    return super().invoke(input, config, stop=stop, **kwargs)
           ^^^^^^^^^^^^^^^^^^^^^^^^^^^^^^^^^^^^^^^^^^^^^^^^^^
  File "/Users/krishchoudhary/Downloads/excel-op/venv/lib/python3.11/site-packages/langchain_core/language_models/chat_models.py", line 402, in invoke
    self.generate_prompt(
  File "/Users/krishchoudhary/Downloads/excel-op/venv/lib/python3.11/site-packages/langchain_core/language_models/chat_models.py", line 1123, in generate_prompt
    return self.generate(prompt_messages, stop=stop, callbacks=callbacks, **kwargs)
           ^^^^^^^^^^^^^^^^^^^^^^^^^^^^^^^^^^^^^^^^^^^^^^^^^^^^^^^^^^^^^^^^^^^^^^^^
  File "/Users/krishchoudhary/Downloads/excel-op/venv/lib/python3.11/site-packages/langchain_core/language_models/chat_models.py", line 933, in generate
    self._generate_with_cache(
  File "/Users/krishchoudhary/Downloads/excel-op/venv/lib/python3.11/site-packages/langchain_core/language_models/chat_models.py", line 1235, in _generate_with_cache
    result = self._generate(
             ^^^^^^^^^^^^^^^
  File "/Users/krishchoudhary/Downloads/excel-op/venv/lib/python3.11/site-packages/langchain_google_genai/chat_models.py", line 3051, in _generate
    _handle_client_error(e, request)
  File "/Users/krishchoudhary/Downloads/excel-op/venv/lib/python3.11/site-packages/langchain_google_genai/chat_models.py", line 145, in _handle_client_error
    raise ChatGoogleGenerativeAIError(msg) from e
langchain_google_genai.chat_models.ChatGoogleGenerativeAIError: Error calling model 'gemini-2.5-pro' (RESOURCE_EXHAUSTED): 429 RESOURCE_EXHAUSTED. {'error': {'code': 429, 'message': 'You exceeded your current quota, please check your plan and billing details. For more information on this error, head to: https://ai.google.dev/gemini-api/docs/rate-limits. To monitor your current usage, head to: https://ai.dev/rate-limit. \n* Quota exceeded for metric: generativelanguage.googleapis.com/generate_content_free_tier_input_token_count, limit: 0, model: gemini-2.5-pro\n* Quota exceeded for metric: generativelanguage.googleapis.com/generate_content_free_tier_requests, limit: 0, model: gemini-2.5-pro\n* Quota exceeded for metric: generativelanguage.googleapis.com/generate_content_free_tier_requests, limit: 0, model: gemini-2.5-pro\n* Quota exceeded for metric: generativelanguage.googleapis.com/generate_content_free_tier_input_token_count, limit: 0, model: gemini-2.5-pro\nPlease retry in 10.396060199s.', 'status': 'RESOURCE_EXHAUSTED', 'details': [{'@type': 'type.googleapis.com/google.rpc.Help', 'links': [{'description': 'Learn more about Gemini API quotas', 'url': 'https://ai.google.dev/gemini-api/docs/rate-limits'}]}, {'@type': 'type.googleapis.com/google.rpc.QuotaFailure', 'violations': [{'quotaMetric': 'generativelanguage.googleapis.com/generate_content_free_tier_input_token_count', 'quotaId': 'GenerateContentInputTokensPerModelPerDay-FreeTier', 'quotaDimensions': {'location': 'global', 'model': 'gemini-2.5-pro'}}, {'quotaMetric': 'generativelanguage.googleapis.com/generate_content_free_tier_requests', 'quotaId': 'GenerateRequestsPerDayPerProjectPerModel-FreeTier', 'quotaDimensions': {'location': 'global', 'model': 'gemini-2.5-pro'}}, {'quotaMetric': 'generativelanguage.googleapis.com/generate_content_free_tier_requests', 'quotaId': 'GenerateRequestsPerMinutePerProjectPerModel-FreeTier', 'quotaDimensions': {'location': 'global', 'model': 'gemini-2.5-pro'}}, {'quotaMetric': 'generativelanguage.googleapis.com/generate_content_free_tier_input_token_count', 'quotaId': 'GenerateContentInputTokensPerModelPerMinute-FreeTier', 'quotaDimensions': {'location': 'global', 'model': 'gemini-2.5-pro'}}]}, {'@type': 'type.googleapis.com/google.rpc.RetryInfo', 'retryDelay': '10s'}]}}
